// Jest Snapshot v1, https://goo.gl/fbAQLP

exports[`Radio component Renders initial component 1`] = `
<Formik
  initialValues={Object {}}
  onSubmit={[Function]}
>
  <Radio
    checked={false}
    help="halp"
    inputId="halpHalp"
    label="awesome"
    name="radioInput"
    value="radioInput"
  >
    <label
      className=""
    >
      <input
        aria-checked={false}
        aria-disabled={false}
        aria-invalid={false}
        disabled={false}
        id="halpHalp"
        onClick={[Function]}
        type="radio"
        value="radioInput"
      />
      <span />
      <span>
        <InputLabel
          appearance={
            Object {
              "direction": "horizontal",
            }
          }
          help="halp"
          inputId="halpHalp"
          label="awesome"
        >
          <label
            className=""
            htmlFor="halpHalp"
            id="halpHalp-label"
          >
            <span>
              awesome
            </span>
            <span>
              halp
            </span>
          </label>
        </InputLabel>
      </span>
    </label>
  </Radio>
</Formik>
`;
