// Jest Snapshot v1, https://goo.gl/fbAQLP

exports[`CreateColonyWizard component Renders initial component (snapshot) 1`] = `
<main>
  <header>
    <figure
      role="presentation"
    >
      <Link
        replace={false}
        to="/"
      >
        <test-file-stub />
      </Link>
    </figure>
  </header>
  <article />
</main>
`;
