// Jest Snapshot v1, https://goo.gl/fbAQLP

exports[`DecisionHub component Renders initial component 1`] = `
<Formik
  initialValues={Object {}}
  onSubmit={[Function]}
>
  <DecisionHub
    name="decisionHubTest"
    options={
      Array [
        Object {
          "subtitle": Object {
            "defaultMessage": "Collaborate with others",
            "id": "ComponentName.exceptional",
          },
          "title": Object {
            "defaultMessage": "Rule the world",
            "id": "ComponentName.special",
          },
          "value": "create",
        },
        Object {
          "subtitle": Object {
            "defaultMessage": "Collaborate with others",
            "id": "ComponentName.exceptional",
          },
          "title": Object {
            "defaultMessage": "Rule the world",
            "id": "ComponentName.special",
          },
          "value": "select",
        },
      ]
    }
  >
    <div
      data-test="hubOptions"
    >
      <injectIntl(Component)
        key="row-create"
        name="decisionHubTest"
        option={
          Object {
            "subtitle": Object {
              "defaultMessage": "Collaborate with others",
              "id": "ComponentName.exceptional",
            },
            "title": Object {
              "defaultMessage": "Rule the world",
              "id": "ComponentName.special",
            },
            "value": "create",
          }
        }
      >
        <Component
          intl={
            Object {
              "defaultFormats": Object {},
              "defaultLocale": "en",
              "formatDate": [Function],
              "formatDateToParts": [Function],
              "formatHTMLMessage": [Function],
              "formatList": [Function],
              "formatMessage": [Function],
              "formatNumber": [Function],
              "formatNumberToParts": [Function],
              "formatPlural": [Function],
              "formatRelativeTime": [Function],
              "formatTime": [Function],
              "formatTimeToParts": [Function],
              "formats": Object {},
              "formatters": Object {
                "getDateTimeFormat": [Function],
                "getListFormat": [Function],
                "getMessageFormat": [Function],
                "getNumberFormat": [Function],
                "getPluralRules": [Function],
                "getRelativeTimeFormat": [Function],
              },
              "locale": "en",
              "messages": Object {},
              "onError": [Function],
              "textComponent": Symbol(react.fragment),
              "timeZone": undefined,
            }
          }
          name="decisionHubTest"
          option={
            Object {
              "subtitle": Object {
                "defaultMessage": "Collaborate with others",
                "id": "ComponentName.exceptional",
              },
              "title": Object {
                "defaultMessage": "Rule the world",
                "id": "ComponentName.special",
              },
              "value": "create",
            }
          }
        >
          <Field
            component={[Function]}
            connect={true}
            intl={
              Object {
                "defaultFormats": Object {},
                "defaultLocale": "en",
                "formatDate": [Function],
                "formatDateToParts": [Function],
                "formatHTMLMessage": [Function],
                "formatList": [Function],
                "formatMessage": [Function],
                "formatNumber": [Function],
                "formatNumberToParts": [Function],
                "formatPlural": [Function],
                "formatRelativeTime": [Function],
                "formatTime": [Function],
                "formatTimeToParts": [Function],
                "formats": Object {},
                "formatters": Object {
                  "getDateTimeFormat": [Function],
                  "getListFormat": [Function],
                  "getMessageFormat": [Function],
                  "getNumberFormat": [Function],
                  "getPluralRules": [Function],
                  "getRelativeTimeFormat": [Function],
                },
                "locale": "en",
                "messages": Object {},
                "onError": [Function],
                "textComponent": Symbol(react.fragment),
                "timeZone": undefined,
              }
            }
            name="decisionHubTest"
            option={
              Object {
                "subtitle": Object {
                  "defaultMessage": "Collaborate with others",
                  "id": "ComponentName.exceptional",
                },
                "title": Object {
                  "defaultMessage": "Rule the world",
                  "id": "ComponentName.special",
                },
                "value": "create",
              }
            }
          >
            <mapProps(DecisionOption)
              connect={true}
              field={
                Object {
                  "name": "decisionHubTest",
                  "onBlur": [Function],
                  "onChange": [Function],
                  "value": undefined,
                }
              }
              form={
                Object {
                  "dirty": false,
                  "errors": Object {},
                  "getFieldMeta": [Function],
                  "getFieldProps": [Function],
                  "handleBlur": [Function],
                  "handleChange": [Function],
                  "handleReset": [Function],
                  "handleSubmit": [Function],
                  "initialErrors": Object {},
                  "initialStatus": undefined,
                  "initialTouched": Object {},
                  "initialValues": Object {},
                  "isSubmitting": false,
                  "isValid": true,
                  "isValidating": false,
                  "registerField": [Function],
                  "resetForm": [Function],
                  "setErrors": [Function],
                  "setFieldError": [Function],
                  "setFieldTouched": [Function],
                  "setFieldValue": [Function],
                  "setFormikState": [Function],
                  "setStatus": [Function],
                  "setSubmitting": [Function],
                  "setTouched": [Function],
                  "setValues": [Function],
                  "status": undefined,
                  "submitCount": 0,
                  "submitForm": [Function],
                  "touched": Object {},
                  "unregisterField": [Function],
                  "validateField": [Function],
                  "validateForm": [Function],
                  "validateOnBlur": true,
                  "validateOnChange": true,
                  "validateOnMount": false,
                  "values": Object {},
                }
              }
              intl={
                Object {
                  "defaultFormats": Object {},
                  "defaultLocale": "en",
                  "formatDate": [Function],
                  "formatDateToParts": [Function],
                  "formatHTMLMessage": [Function],
                  "formatList": [Function],
                  "formatMessage": [Function],
                  "formatNumber": [Function],
                  "formatNumberToParts": [Function],
                  "formatPlural": [Function],
                  "formatRelativeTime": [Function],
                  "formatTime": [Function],
                  "formatTimeToParts": [Function],
                  "formats": Object {},
                  "formatters": Object {
                    "getDateTimeFormat": [Function],
                    "getListFormat": [Function],
                    "getMessageFormat": [Function],
                    "getNumberFormat": [Function],
                    "getPluralRules": [Function],
                    "getRelativeTimeFormat": [Function],
                  },
                  "locale": "en",
                  "messages": Object {},
                  "onError": [Function],
                  "textComponent": Symbol(react.fragment),
                  "timeZone": undefined,
                }
              }
              option={
                Object {
                  "subtitle": Object {
                    "defaultMessage": "Collaborate with others",
                    "id": "ComponentName.exceptional",
                  },
                  "title": Object {
                    "defaultMessage": "Rule the world",
                    "id": "ComponentName.special",
                  },
                  "value": "create",
                }
              }
            >
              <DecisionOption
                $id="decisionHubTest"
                $value=""
                aria-invalid={false}
                aria-label="decisionHubTest"
                aria-labelledby="decisionHubTest-label"
                connect={true}
                formatIntl={[Function]}
                isSubmitting={false}
                label="decisionHubTest"
                name="decisionHubTest"
                onBlur={[Function]}
                onChange={[Function]}
                option={
                  Object {
                    "subtitle": Object {
                      "defaultMessage": "Collaborate with others",
                      "id": "ComponentName.exceptional",
                    },
                    "title": Object {
                      "defaultMessage": "Rule the world",
                      "id": "ComponentName.special",
                    },
                    "value": "create",
                  }
                }
                setError={[Function]}
                setValue={[Function]}
                title="decisionHubTest"
              >
                <button
                  className=""
                  onClick={[Function]}
                  type="submit"
                >
                  <DecisionOptionIcon
                    subtitle={
                      Object {
                        "defaultMessage": "Collaborate with others",
                        "id": "ComponentName.exceptional",
                      }
                    }
                    title={
                      Object {
                        "defaultMessage": "Rule the world",
                        "id": "ComponentName.special",
                      }
                    }
                    value="create"
                  />
                  <div>
                    <Heading
                      appearance={
                        Object {
                          "margin": "small",
                          "size": "small",
                          "weight": "bold",
                        }
                      }
                      text={
                        Object {
                          "defaultMessage": "Rule the world",
                          "id": "ComponentName.special",
                        }
                      }
                    >
                      <h5
                        className=""
                        title="Rule the world"
                      >
                        Rule the world
                      </h5>
                    </Heading>
                    <Heading
                      appearance={
                        Object {
                          "margin": "small",
                          "size": "tiny",
                          "weight": "thin",
                        }
                      }
                      text={
                        Object {
                          "defaultMessage": "Collaborate with others",
                          "id": "ComponentName.exceptional",
                        }
                      }
                    >
                      <h6
                        className=""
                        title="Collaborate with others"
                      >
                        Collaborate with others
                      </h6>
                    </Heading>
                  </div>
                  <Icon
                    name="caret-right"
                    title={
                      Object {
                        "defaultMessage": "Choose this option",
                        "id": "DecisionOption.iconTitle",
                      }
                    }
                  >
                    <i
                      className=""
                      title="Choose this option"
                    >
                      <svg
                        viewBox="0 0 30 30"
                      >
                        <use
                          xlinkHref="#undefined"
                        />
                      </svg>
                    </i>
                  </Icon>
                </button>
              </DecisionOption>
            </mapProps(DecisionOption)>
          </Field>
        </Component>
      </injectIntl(Component)>
      <injectIntl(Component)
        key="row-select"
        name="decisionHubTest"
        option={
          Object {
            "subtitle": Object {
              "defaultMessage": "Collaborate with others",
              "id": "ComponentName.exceptional",
            },
            "title": Object {
              "defaultMessage": "Rule the world",
              "id": "ComponentName.special",
            },
            "value": "select",
          }
        }
      >
        <Component
          intl={
            Object {
              "defaultFormats": Object {},
              "defaultLocale": "en",
              "formatDate": [Function],
              "formatDateToParts": [Function],
              "formatHTMLMessage": [Function],
              "formatList": [Function],
              "formatMessage": [Function],
              "formatNumber": [Function],
              "formatNumberToParts": [Function],
              "formatPlural": [Function],
              "formatRelativeTime": [Function],
              "formatTime": [Function],
              "formatTimeToParts": [Function],
              "formats": Object {},
              "formatters": Object {
                "getDateTimeFormat": [Function],
                "getListFormat": [Function],
                "getMessageFormat": [Function],
                "getNumberFormat": [Function],
                "getPluralRules": [Function],
                "getRelativeTimeFormat": [Function],
              },
              "locale": "en",
              "messages": Object {},
              "onError": [Function],
              "textComponent": Symbol(react.fragment),
              "timeZone": undefined,
            }
          }
          name="decisionHubTest"
          option={
            Object {
              "subtitle": Object {
                "defaultMessage": "Collaborate with others",
                "id": "ComponentName.exceptional",
              },
              "title": Object {
                "defaultMessage": "Rule the world",
                "id": "ComponentName.special",
              },
              "value": "select",
            }
          }
        >
          <Field
            component={[Function]}
            connect={true}
            intl={
              Object {
                "defaultFormats": Object {},
                "defaultLocale": "en",
                "formatDate": [Function],
                "formatDateToParts": [Function],
                "formatHTMLMessage": [Function],
                "formatList": [Function],
                "formatMessage": [Function],
                "formatNumber": [Function],
                "formatNumberToParts": [Function],
                "formatPlural": [Function],
                "formatRelativeTime": [Function],
                "formatTime": [Function],
                "formatTimeToParts": [Function],
                "formats": Object {},
                "formatters": Object {
                  "getDateTimeFormat": [Function],
                  "getListFormat": [Function],
                  "getMessageFormat": [Function],
                  "getNumberFormat": [Function],
                  "getPluralRules": [Function],
                  "getRelativeTimeFormat": [Function],
                },
                "locale": "en",
                "messages": Object {},
                "onError": [Function],
                "textComponent": Symbol(react.fragment),
                "timeZone": undefined,
              }
            }
            name="decisionHubTest"
            option={
              Object {
                "subtitle": Object {
                  "defaultMessage": "Collaborate with others",
                  "id": "ComponentName.exceptional",
                },
                "title": Object {
                  "defaultMessage": "Rule the world",
                  "id": "ComponentName.special",
                },
                "value": "select",
              }
            }
          >
            <mapProps(DecisionOption)
              connect={true}
              field={
                Object {
                  "name": "decisionHubTest",
                  "onBlur": [Function],
                  "onChange": [Function],
                  "value": undefined,
                }
              }
              form={
                Object {
                  "dirty": false,
                  "errors": Object {},
                  "getFieldMeta": [Function],
                  "getFieldProps": [Function],
                  "handleBlur": [Function],
                  "handleChange": [Function],
                  "handleReset": [Function],
                  "handleSubmit": [Function],
                  "initialErrors": Object {},
                  "initialStatus": undefined,
                  "initialTouched": Object {},
                  "initialValues": Object {},
                  "isSubmitting": false,
                  "isValid": true,
                  "isValidating": false,
                  "registerField": [Function],
                  "resetForm": [Function],
                  "setErrors": [Function],
                  "setFieldError": [Function],
                  "setFieldTouched": [Function],
                  "setFieldValue": [Function],
                  "setFormikState": [Function],
                  "setStatus": [Function],
                  "setSubmitting": [Function],
                  "setTouched": [Function],
                  "setValues": [Function],
                  "status": undefined,
                  "submitCount": 0,
                  "submitForm": [Function],
                  "touched": Object {},
                  "unregisterField": [Function],
                  "validateField": [Function],
                  "validateForm": [Function],
                  "validateOnBlur": true,
                  "validateOnChange": true,
                  "validateOnMount": false,
                  "values": Object {},
                }
              }
              intl={
                Object {
                  "defaultFormats": Object {},
                  "defaultLocale": "en",
                  "formatDate": [Function],
                  "formatDateToParts": [Function],
                  "formatHTMLMessage": [Function],
                  "formatList": [Function],
                  "formatMessage": [Function],
                  "formatNumber": [Function],
                  "formatNumberToParts": [Function],
                  "formatPlural": [Function],
                  "formatRelativeTime": [Function],
                  "formatTime": [Function],
                  "formatTimeToParts": [Function],
                  "formats": Object {},
                  "formatters": Object {
                    "getDateTimeFormat": [Function],
                    "getListFormat": [Function],
                    "getMessageFormat": [Function],
                    "getNumberFormat": [Function],
                    "getPluralRules": [Function],
                    "getRelativeTimeFormat": [Function],
                  },
                  "locale": "en",
                  "messages": Object {},
                  "onError": [Function],
                  "textComponent": Symbol(react.fragment),
                  "timeZone": undefined,
                }
              }
              option={
                Object {
                  "subtitle": Object {
                    "defaultMessage": "Collaborate with others",
                    "id": "ComponentName.exceptional",
                  },
                  "title": Object {
                    "defaultMessage": "Rule the world",
                    "id": "ComponentName.special",
                  },
                  "value": "select",
                }
              }
            >
              <DecisionOption
                $id="decisionHubTest"
                $value=""
                aria-invalid={false}
                aria-label="decisionHubTest"
                aria-labelledby="decisionHubTest-label"
                connect={true}
                formatIntl={[Function]}
                isSubmitting={false}
                label="decisionHubTest"
                name="decisionHubTest"
                onBlur={[Function]}
                onChange={[Function]}
                option={
                  Object {
                    "subtitle": Object {
                      "defaultMessage": "Collaborate with others",
                      "id": "ComponentName.exceptional",
                    },
                    "title": Object {
                      "defaultMessage": "Rule the world",
                      "id": "ComponentName.special",
                    },
                    "value": "select",
                  }
                }
                setError={[Function]}
                setValue={[Function]}
                title="decisionHubTest"
              >
                <button
                  className=""
                  onClick={[Function]}
                  type="submit"
                >
                  <DecisionOptionIcon
                    subtitle={
                      Object {
                        "defaultMessage": "Collaborate with others",
                        "id": "ComponentName.exceptional",
                      }
                    }
                    title={
                      Object {
                        "defaultMessage": "Rule the world",
                        "id": "ComponentName.special",
                      }
                    }
                    value="select"
                  />
                  <div>
                    <Heading
                      appearance={
                        Object {
                          "margin": "small",
                          "size": "small",
                          "weight": "bold",
                        }
                      }
                      text={
                        Object {
                          "defaultMessage": "Rule the world",
                          "id": "ComponentName.special",
                        }
                      }
                    >
                      <h5
                        className=""
                        title="Rule the world"
                      >
                        Rule the world
                      </h5>
                    </Heading>
                    <Heading
                      appearance={
                        Object {
                          "margin": "small",
                          "size": "tiny",
                          "weight": "thin",
                        }
                      }
                      text={
                        Object {
                          "defaultMessage": "Collaborate with others",
                          "id": "ComponentName.exceptional",
                        }
                      }
                    >
                      <h6
                        className=""
                        title="Collaborate with others"
                      >
                        Collaborate with others
                      </h6>
                    </Heading>
                  </div>
                  <Icon
                    name="caret-right"
                    title={
                      Object {
                        "defaultMessage": "Choose this option",
                        "id": "DecisionOption.iconTitle",
                      }
                    }
                  >
                    <i
                      className=""
                      title="Choose this option"
                    >
                      <svg
                        viewBox="0 0 30 30"
                      >
                        <use
                          xlinkHref="#undefined"
                        />
                      </svg>
                    </i>
                  </Icon>
                </button>
              </DecisionOption>
            </mapProps(DecisionOption)>
          </Field>
        </Component>
      </injectIntl(Component)>
    </div>
  </DecisionHub>
</Formik>
`;
