// Jest Snapshot v1, https://goo.gl/fbAQLP

exports[`WizardTemplate component Renders initial component 1`] = `
<main>
  <header>
    <figure
      role="presentation"
    >
      <test-file-stub />
    </figure>
    <core.ProgressBar />
  </header>
  <article
    className="undefined undefined undefined"
  />
</main>
`;
