// Jest Snapshot v1, https://goo.gl/fbAQLP

exports[`InputLabel intl={intl} component Renders initial component 1`] = `
<InputLabel
  appearance={Object {}}
  help="halp"
  inputId="foo"
  label="awesome"
>
  <label
    className=""
    htmlFor="foo"
    id="foo-label"
  >
    <span>
      awesome
    </span>
    <span>
      halp
    </span>
  </label>
</InputLabel>
`;
