// Jest Snapshot v1, https://goo.gl/fbAQLP

exports[`CreateColony component Renders initial component (snapshot) 1`] = `
<main
  className="undefined undefined undefined"
>
  <aside>
    <section>
      <figure
        role="presentation"
      >
        <svg
          viewBox="0 0 160 80"
        >
          <image
            height="80"
            href="test-file-stub"
            width="160"
            x="0"
            y="0"
          />
        </svg>
      </figure>
    </section>
  </aside>
  <article
    className="undefined undefined undefined undefined"
  />
</main>
`;
